INFO [2026-01-15 09:27:32] $x
INFO [2026-01-15 09:27:32] gene_lists
INFO [2026-01-15 09:27:32] 
INFO [2026-01-15 09:27:32] $category.names
INFO [2026-01-15 09:27:32] c("Treatment A", "Treatment B", "Treatment C")
INFO [2026-01-15 09:27:32] 
INFO [2026-01-15 09:27:32] $filename
INFO [2026-01-15 09:27:32] NULL
INFO [2026-01-15 09:27:32] 
INFO [2026-01-15 09:27:32] $fill
INFO [2026-01-15 09:27:32] c("#E64B35", "#4DBBD5", "#00A087")
INFO [2026-01-15 09:27:32] 
INFO [2026-01-15 09:27:32] $alpha
INFO [2026-01-15 09:27:32] [1] 0.5
INFO [2026-01-15 09:27:32] 
INFO [2026-01-15 09:27:32] $cex
INFO [2026-01-15 09:27:32] [1] 1.5
INFO [2026-01-15 09:27:32] 
INFO [2026-01-15 09:27:32] $cat.cex
INFO [2026-01-15 09:27:32] [1] 1.2
INFO [2026-01-15 09:27:32] 
