INFO [2026-01-15 10:26:03] $x
INFO [2026-01-15 10:26:03] gene_sets_5
INFO [2026-01-15 10:26:03] 
INFO [2026-01-15 10:26:03] $filename
INFO [2026-01-15 10:26:03] NULL
INFO [2026-01-15 10:26:03] 
INFO [2026-01-15 10:26:03] $col
INFO [2026-01-15 10:26:03] c("#440154ff", "#21908dff", "#fde725ff", "#b73779", "#3b528b")
INFO [2026-01-15 10:26:03] 
INFO [2026-01-15 10:26:03] $fill
INFO [2026-01-15 10:26:03] c(alpha("#440154ff", 0.3), alpha("#21908dff", 0.3), alpha("#fde725ff", 
INFO [2026-01-15 10:26:03]     0.3), alpha("#b73779", 0.3), alpha("#3b528b", 0.3))
INFO [2026-01-15 10:26:03] 
INFO [2026-01-15 10:26:03] $cex
INFO [2026-01-15 10:26:03] [1] 1.2
INFO [2026-01-15 10:26:03] 
INFO [2026-01-15 10:26:03] $cat.cex
INFO [2026-01-15 10:26:03] [1] 1
INFO [2026-01-15 10:26:03] 
INFO [2026-01-15 10:26:03] $margin
INFO [2026-01-15 10:26:03] [1] 0.05
INFO [2026-01-15 10:26:03] 
