INFO [2026-01-15 10:25:59] $x
INFO [2026-01-15 10:25:59] gene_sets_3
INFO [2026-01-15 10:25:59] 
INFO [2026-01-15 10:25:59] $filename
INFO [2026-01-15 10:25:59] NULL
INFO [2026-01-15 10:25:59] 
INFO [2026-01-15 10:25:59] $col
INFO [2026-01-15 10:25:59] c("#440154ff", "#21908dff", "#fde725ff")
INFO [2026-01-15 10:25:59] 
INFO [2026-01-15 10:25:59] $fill
INFO [2026-01-15 10:25:59] c(alpha("#440154ff", 0.3), alpha("#21908dff", 0.3), alpha("#fde725ff", 
INFO [2026-01-15 10:25:59]     0.3))
INFO [2026-01-15 10:25:59] 
INFO [2026-01-15 10:25:59] $cex
INFO [2026-01-15 10:25:59] [1] 2
INFO [2026-01-15 10:25:59] 
INFO [2026-01-15 10:25:59] $cat.cex
INFO [2026-01-15 10:25:59] [1] 1.5
INFO [2026-01-15 10:25:59] 
INFO [2026-01-15 10:25:59] $cat.fontface
INFO [2026-01-15 10:25:59] [1] "bold"
INFO [2026-01-15 10:25:59] 
INFO [2026-01-15 10:25:59] $cat.dist
INFO [2026-01-15 10:25:59] c(0.05, 0.05, 0.05)
INFO [2026-01-15 10:25:59] 
INFO [2026-01-15 10:25:59] $margin
INFO [2026-01-15 10:25:59] [1] 0.1
INFO [2026-01-15 10:25:59] 
