INFO [2026-01-09 15:53:41] $x
INFO [2026-01-09 15:53:41] gene_lists
INFO [2026-01-09 15:53:41] 
INFO [2026-01-09 15:53:41] $category.names
INFO [2026-01-09 15:53:41] c("Treatment A", "Treatment B", "Treatment C")
INFO [2026-01-09 15:53:41] 
INFO [2026-01-09 15:53:41] $filename
INFO [2026-01-09 15:53:41] NULL
INFO [2026-01-09 15:53:41] 
INFO [2026-01-09 15:53:41] $fill
INFO [2026-01-09 15:53:41] c("#E64B35", "#4DBBD5", "#00A087")
INFO [2026-01-09 15:53:41] 
INFO [2026-01-09 15:53:41] $alpha
INFO [2026-01-09 15:53:41] [1] 0.5
INFO [2026-01-09 15:53:41] 
INFO [2026-01-09 15:53:41] $cex
INFO [2026-01-09 15:53:41] [1] 1.5
INFO [2026-01-09 15:53:41] 
INFO [2026-01-09 15:53:41] $cat.cex
INFO [2026-01-09 15:53:41] [1] 1.2
INFO [2026-01-09 15:53:41] 
INFO [2026-01-09 15:53:41] $cat.pos
INFO [2026-01-09 15:53:41] c(-20, 20, 180)
INFO [2026-01-09 15:53:41] 
